2026-04-01 16:46:45,136 [INFO] -----------------------Starting build-----------------------
2026-04-01 16:46:45,141 [INFO] Running configSets: _OnInstanceBoot
2026-04-01 16:46:45,143 [INFO] Running configSet _OnInstanceBoot
2026-04-01 16:46:45,145 [INFO] Running config AWSEBBaseConfig
2026-04-01 16:46:45,381 [INFO] Command clearbackupfiles succeeded
2026-04-01 16:46:45,384 [INFO] Running config AWSEBCfnHupEndpointOverride
2026-04-01 16:46:45,390 [INFO] Command clearbackupfiles succeeded
2026-04-01 16:46:45,391 [INFO] ConfigSets completed
2026-04-01 16:46:45,391 [INFO] -----------------------Build complete-----------------------
2026-04-01 16:48:57,303 [INFO] -----------------------Starting build-----------------------
2026-04-01 16:48:57,308 [INFO] Running configSets: Infra-EmbeddedPreBuild
2026-04-01 16:48:57,310 [INFO] Running configSet Infra-EmbeddedPreBuild
2026-04-01 16:48:57,311 [INFO] ConfigSets completed
2026-04-01 16:48:57,311 [INFO] -----------------------Build complete-----------------------
2026-04-01 16:49:06,163 [INFO] -----------------------Starting build-----------------------
2026-04-01 16:49:06,168 [INFO] Running configSets: Infra-EmbeddedPostBuild
2026-04-01 16:49:06,170 [INFO] Running configSet Infra-EmbeddedPostBuild
2026-04-01 16:49:06,171 [INFO] ConfigSets completed
2026-04-01 16:49:06,171 [INFO] -----------------------Build complete-----------------------
2026-04-01 17:01:49,681 [INFO] -----------------------Starting build-----------------------
2026-04-01 17:01:49,686 [INFO] Running configSets: Infra-EmbeddedPostBuild
2026-04-01 17:01:49,688 [INFO] Running configSet Infra-EmbeddedPostBuild
2026-04-01 17:01:49,688 [INFO] ConfigSets completed
2026-04-01 17:01:49,688 [INFO] -----------------------Build complete-----------------------
2026-04-01 17:31:18,232 [INFO] -----------------------Starting build-----------------------
2026-04-01 17:31:18,237 [INFO] Running configSets: Infra-EmbeddedPreBuild
2026-04-01 17:31:18,239 [INFO] Running configSet Infra-EmbeddedPreBuild
2026-04-01 17:31:18,239 [INFO] ConfigSets completed
2026-04-01 17:31:18,239 [INFO] -----------------------Build complete-----------------------
2026-04-01 17:31:24,669 [INFO] -----------------------Starting build-----------------------
2026-04-01 17:31:24,675 [INFO] Running configSets: Infra-EmbeddedPostBuild
2026-04-01 17:31:24,677 [INFO] Running configSet Infra-EmbeddedPostBuild
2026-04-01 17:31:24,677 [INFO] ConfigSets completed
2026-04-01 17:31:24,678 [INFO] -----------------------Build complete-----------------------
2026-04-01 17:36:52,575 [INFO] -----------------------Starting build-----------------------
2026-04-01 17:36:52,580 [INFO] Running configSets: Infra-EmbeddedPreBuild
2026-04-01 17:36:52,582 [INFO] Running configSet Infra-EmbeddedPreBuild
2026-04-01 17:36:52,582 [INFO] ConfigSets completed
2026-04-01 17:36:52,583 [INFO] -----------------------Build complete-----------------------
2026-04-01 17:36:58,770 [INFO] -----------------------Starting build-----------------------
2026-04-01 17:36:58,775 [INFO] Running configSets: Infra-EmbeddedPostBuild
2026-04-01 17:36:58,777 [INFO] Running configSet Infra-EmbeddedPostBuild
2026-04-01 17:36:58,777 [INFO] ConfigSets completed
2026-04-01 17:36:58,778 [INFO] -----------------------Build complete-----------------------
2026-04-02 17:57:23,000 [INFO] -----------------------Starting build-----------------------
2026-04-02 17:57:23,005 [INFO] Running configSets: Infra-EmbeddedPostBuild
2026-04-02 17:57:23,007 [INFO] Running configSet Infra-EmbeddedPostBuild
2026-04-02 17:57:23,007 [INFO] ConfigSets completed
2026-04-02 17:57:23,008 [INFO] -----------------------Build complete-----------------------
2026-04-02 18:39:43,867 [INFO] -----------------------Starting build-----------------------
2026-04-02 18:39:43,872 [INFO] Running configSets: Infra-EmbeddedPreBuild
2026-04-02 18:39:43,874 [INFO] Running configSet Infra-EmbeddedPreBuild
2026-04-02 18:39:43,875 [INFO] ConfigSets completed
2026-04-02 18:39:43,875 [INFO] -----------------------Build complete-----------------------
2026-04-02 18:39:50,018 [INFO] -----------------------Starting build-----------------------
2026-04-02 18:39:50,023 [INFO] Running configSets: Infra-EmbeddedPostBuild
2026-04-02 18:39:50,026 [INFO] Running configSet Infra-EmbeddedPostBuild
2026-04-02 18:39:50,026 [INFO] ConfigSets completed
2026-04-02 18:39:50,026 [INFO] -----------------------Build complete-----------------------
2026-04-02 19:09:24,543 [INFO] -----------------------Starting build-----------------------
2026-04-02 19:09:24,548 [INFO] Running configSets: Infra-EmbeddedPreBuild
2026-04-02 19:09:24,550 [INFO] Running configSet Infra-EmbeddedPreBuild
2026-04-02 19:09:24,550 [INFO] ConfigSets completed
2026-04-02 19:09:24,551 [INFO] -----------------------Build complete-----------------------
2026-04-02 19:09:30,695 [INFO] -----------------------Starting build-----------------------
2026-04-02 19:09:30,700 [INFO] Running configSets: Infra-EmbeddedPostBuild
2026-04-02 19:09:30,702 [INFO] Running configSet Infra-EmbeddedPostBuild
2026-04-02 19:09:30,702 [INFO] ConfigSets completed
2026-04-02 19:09:30,702 [INFO] -----------------------Build complete-----------------------
