2026-04-01 16:46:45,143 P1637 [INFO] ************************************************************
2026-04-01 16:46:45,143 P1637 [INFO] ConfigSet _OnInstanceBoot
2026-04-01 16:46:45,145 P1637 [INFO] ++++++++++++++++++++++++++++++++++++++++++++++++++++++++++++
2026-04-01 16:46:45,145 P1637 [INFO] Config AWSEBBaseConfig
2026-04-01 16:46:45,370 P1637 [INFO] ============================================================
2026-04-01 16:46:45,370 P1637 [INFO] Command clearbackupfiles
2026-04-01 16:46:45,381 P1637 [INFO] Completed successfully.
2026-04-01 16:46:45,384 P1637 [INFO] ++++++++++++++++++++++++++++++++++++++++++++++++++++++++++++
2026-04-01 16:46:45,384 P1637 [INFO] Config AWSEBCfnHupEndpointOverride
2026-04-01 16:46:45,385 P1637 [INFO] ============================================================
2026-04-01 16:46:45,385 P1637 [INFO] Command clearbackupfiles
2026-04-01 16:46:45,389 P1637 [INFO] Completed successfully.
2026-04-01 16:48:57,311 P1893 [INFO] ************************************************************
2026-04-01 16:48:57,311 P1893 [INFO] ConfigSet Infra-EmbeddedPreBuild
2026-04-01 16:49:06,170 P2058 [INFO] ************************************************************
2026-04-01 16:49:06,171 P2058 [INFO] ConfigSet Infra-EmbeddedPostBuild
2026-04-01 17:01:49,688 P2944 [INFO] ************************************************************
2026-04-01 17:01:49,688 P2944 [INFO] ConfigSet Infra-EmbeddedPostBuild
2026-04-01 17:31:18,239 P4181 [INFO] ************************************************************
2026-04-01 17:31:18,239 P4181 [INFO] ConfigSet Infra-EmbeddedPreBuild
2026-04-01 17:31:24,677 P4450 [INFO] ************************************************************
2026-04-01 17:31:24,677 P4450 [INFO] ConfigSet Infra-EmbeddedPostBuild
2026-04-01 17:36:52,582 P4916 [INFO] ************************************************************
2026-04-01 17:36:52,582 P4916 [INFO] ConfigSet Infra-EmbeddedPreBuild
2026-04-01 17:36:58,777 P5138 [INFO] ************************************************************
2026-04-01 17:36:58,777 P5138 [INFO] ConfigSet Infra-EmbeddedPostBuild
2026-04-02 17:57:23,007 P53826 [INFO] ************************************************************
2026-04-02 17:57:23,007 P53826 [INFO] ConfigSet Infra-EmbeddedPostBuild
2026-04-02 18:39:43,874 P55510 [INFO] ************************************************************
2026-04-02 18:39:43,875 P55510 [INFO] ConfigSet Infra-EmbeddedPreBuild
2026-04-02 18:39:50,026 P55778 [INFO] ************************************************************
2026-04-02 18:39:50,026 P55778 [INFO] ConfigSet Infra-EmbeddedPostBuild
2026-04-02 19:09:24,550 P57077 [INFO] ************************************************************
2026-04-02 19:09:24,550 P57077 [INFO] ConfigSet Infra-EmbeddedPreBuild
2026-04-02 19:09:30,702 P57345 [INFO] ************************************************************
2026-04-02 19:09:30,702 P57345 [INFO] ConfigSet Infra-EmbeddedPostBuild
2026-04-02 19:23:00,451 P58093 [INFO] ************************************************************
2026-04-02 19:23:00,451 P58093 [INFO] ConfigSet Infra-EmbeddedPreBuild
2026-04-02 19:23:07,370 P58311 [INFO] ************************************************************
2026-04-02 19:23:07,370 P58311 [INFO] ConfigSet Infra-EmbeddedPostBuild
2026-04-03 07:28:57,010 P82583 [INFO] ************************************************************
2026-04-03 07:28:57,010 P82583 [INFO] ConfigSet Infra-EmbeddedPreBuild
2026-04-03 07:29:03,200 P82802 [INFO] ************************************************************
2026-04-03 07:29:03,200 P82802 [INFO] ConfigSet Infra-EmbeddedPostBuild
2026-04-03 07:31:37,300 P83163 [INFO] ************************************************************
2026-04-03 07:31:37,300 P83163 [INFO] ConfigSet Infra-EmbeddedPreBuild
2026-04-03 07:31:43,664 P83427 [INFO] ************************************************************
2026-04-03 07:31:43,664 P83427 [INFO] ConfigSet Infra-EmbeddedPostBuild
2026-04-03 07:41:32,194 P84027 [INFO] ************************************************************
2026-04-03 07:41:32,194 P84027 [INFO] ConfigSet Infra-EmbeddedPreBuild
2026-04-03 07:41:38,464 P84246 [INFO] ************************************************************
2026-04-03 07:41:38,464 P84246 [INFO] ConfigSet Infra-EmbeddedPostBuild
